version https://git-lfs.github.com/spec/v1
oid sha256:e94e046f93d57bddef5fb29134684320c09454b93f06d0d3d8882c2f61a3d96d
size 425123840
